Gym has been unmaintained since 2022 and does not support NumPy 2.0 amongst other critical functionality.
Please upgrade to Gymnasium, the maintained drop-in replacement of Gym, or contact the authors of your software and request that they upgrade.
Users of this version of Gym should be able to simply replace 'import gym' with 'import gymnasium as gym' in the vast majority of cases.
See the migration guide at https://gymnasium.farama.org/introduction/migration_guide/ for additional information.
/home/ueda/workspace/Kaggle_Lux_AI_2021_Fork/run_monobeast.py:95: Hydra14MigrationWarning: 
The version_base parameter is not specified.
Hydra will assume defaults for version 1.1.
Hydra 1.4 will remove this compatibility behavior.
Before upgrading to Hydra 1.4, set version_base="1.3" and test your application.
See https://hydra.cc/docs/upgrades/1.3_to_1.4/prepare_for_1_4/ for preparation instructions.
  @hydra.main(config_path="conf", config_name="resume_config")
[DEBUG:448716 utils:279 2026-08-16 09:38:25,490] Setting JobRuntime:name=UNKNOWN_NAME
[DEBUG:448716 utils:279 2026-08-16 09:38:25,490] Setting JobRuntime:name=run_monobeast
/home/ueda/workspace/Kaggle_Lux_AI_2021_Fork/.venv/lib/python3.9/site-packages/hydra/_internal/hydra.py:119: UserWarning: Future Hydra versions will no longer change working directory at job runtime by default.
See https://hydra.cc/docs/1.2/upgrades/1.1_to_1.2/changes_to_job_working_dir/ for more information.
  ret = run_job(
[[36m2026-08-16 09:38:25,644[0m][[34mroot[0m][[32mINFO[0m] - name: finetune_first_place
project: Lux_AI_2021
entity: isaiahpressman
group: after_september_patch
act_space: BasicActionSpace
obs_space: FixedShapeContinuousObsV2
obs_space_kwargs: {}
reward_space: GameResultReward
reward_space_kwargs: {}
total_steps: 1000000
num_actors: 2
n_actor_envs: 16
unroll_length: 16
batch_size: 4
discounting: 0.999
model_arch: conv_model
n_blocks: 24
hidden_dim: 128
embedding_dim: 32
n_merge_layers: 1
normalize: false
sum_player_embeddings: false
use_index_select: false
rescale_value_input: true
rescale_se_input: true
kernel_size: 5
optimizer_class: Adam
optimizer_kwargs:
  lr: 5.0e-06
  eps: 0.0003
min_lr_mod: 0.01
entropy_cost: 0.0002
baseline_cost: 1.0
teacher_kl_cost: 0.0
teacher_baseline_cost: 0.0
lmb: 0.9
reduction: sum
use_teacher: false
teacher_load_dir: /Windows/Users/isaia/Documents/GitHub/Kaggle/Lux_AI_2021/outputs/10-10/11-18-12/
teacher_checkpoint_file: 28576448.pt
actor_device: cuda:0
learner_device: cuda:0
model_log_freq: 100
sharing_strategy: file_descriptor
disable_wandb: true
debug: false
weights_only: true
load_dir: /home/ueda/workspace/Kaggle_Lux_AI_2021_Fork/internal_testing/hall_of_fame/11-24_12-56-23_062179520_must_research/lux_ai/rl_agent/
checkpoint_file: 062179520_weights.pt
actor_policy_tta_rot180: true
teacher_policy_tta_rot180: false
league_enabled: true
league_config_version: 6
league_opponents:
- name: selfplay
  kind: selfplay
  weight: 0.8
- name: rule_based
  kind: rule_based
  weight: 0.2
checkpoint_freq: 10.0
seed: null
num_buffers: 4
use_mixed_precision: true
actor_mixed_precision: false
clip_grads: 10.0
num_learner_threads: 1
teacher_kl_cost_floor: 0.0
reward_config_version: 0
objective_config_version: 0
league_sampling: fixed
pfsp_power: 2.0
pfsp_teacher_floor: 0.15
pfsp_exploration: 0.02
pfsp_prior_games: 20
learner_snapshot_interval_steps: 250000
loss_normalization: legacy
normalize_advantages: false
advantage_clip: 5.0
rule_aux_enabled: false
rule_aux_cost: 0.02
rule_aux_strategy: economy
intent_aux_enabled: false
intent_aux_cost: 0.01
intent_head_only_finetune: false
stop_after_step: null
verify_model_updates: true
n_value_warmup_batches: 0
[0m
[[36m2026-08-16 09:38:27,385[0m][[34mroot[0m][[32mINFO[0m] - Training model with 19,867,689 parameters.[0m
Gym has been unmaintained since 2022 and does not support NumPy 2.0 amongst other critical functionality.
Please upgrade to Gymnasium, the maintained drop-in replacement of Gym, or contact the authors of your software and request that they upgrade.
Users of this version of Gym should be able to simply replace 'import gym' with 'import gymnasium as gym' in the vast majority of cases.
See the migration guide at https://gymnasium.farama.org/introduction/migration_guide/ for additional information.
/home/ueda/workspace/Kaggle_Lux_AI_2021_Fork/run_monobeast.py:95: Hydra14MigrationWarning: 
The version_base parameter is not specified.
Hydra will assume defaults for version 1.1.
Hydra 1.4 will remove this compatibility behavior.
Before upgrading to Hydra 1.4, set version_base="1.3" and test your application.
See https://hydra.cc/docs/upgrades/1.3_to_1.4/prepare_for_1_4/ for preparation instructions.
  @hydra.main(config_path="conf", config_name="resume_config")
[INFO:448978 monobeast:577 2026-08-16 09:38:28,896] Actor 0 started.
Gym has been unmaintained since 2022 and does not support NumPy 2.0 amongst other critical functionality.
Please upgrade to Gymnasium, the maintained drop-in replacement of Gym, or contact the authors of your software and request that they upgrade.
Users of this version of Gym should be able to simply replace 'import gym' with 'import gymnasium as gym' in the vast majority of cases.
See the migration guide at https://gymnasium.farama.org/introduction/migration_guide/ for additional information.
/home/ueda/workspace/Kaggle_Lux_AI_2021_Fork/run_monobeast.py:95: Hydra14MigrationWarning: 
The version_base parameter is not specified.
Hydra will assume defaults for version 1.1.
Hydra 1.4 will remove this compatibility behavior.
Before upgrading to Hydra 1.4, set version_base="1.3" and test your application.
See https://hydra.cc/docs/upgrades/1.3_to_1.4/prepare_for_1_4/ for preparation instructions.
  @hydra.main(config_path="conf", config_name="resume_config")
[INFO:449058 monobeast:577 2026-08-16 09:38:30,986] Actor 1 started.
[[36m2026-08-16 09:38:37,195[0m][[34mroot[0m][[32mINFO[0m] - Steps 0 @ 0.0 SPS / 0.0 BPS. Stats:
{}[0m
[[36m2026-08-16 09:38:37,828[0m][[34mroot[0m][[32mINFO[0m] - Verified learner-to-actor model synchronization: max_abs_diff=0[0m
[[36m2026-08-16 09:38:42,200[0m][[34mroot[0m][[32mINFO[0m] - Steps 384 @ 76.7 SPS / 1.2 BPS. Stats:
{'Actions': {'cart': {'MOVE': nan, 'NO-OP': nan, 'TRANSFER': nan},
             'city_tile': {'BUILD_CART': nan,
                           'BUILD_WORKER': nan,
                           'NO-OP': nan,
                           'RESEARCH': nan},
             'worker': {'BUILD_CITY': nan,
                        'MOVE': nan,
                        'NO-OP': nan,
                        'PILLAGE': nan,
                        'TRANSFER': nan}},
 'Active_Entities': {'cart': 0, 'city_tile': 137, 'worker': 154},
 'Behavior_Policy': {'actor_version_max': 0,
                     'actor_version_min': 0,
                     'beta': 0.0,
                     'buffer_lag_max': 320,
                     'ema_kl': None,
                     'forward_kl': 0.11865712702274323,
                     'learner_version': 320,
                     'log_rho_max': 1.7166876792907715,
                     'log_rho_mean': -0.28248465061187744,
                     'log_rho_p95': 0.03359852358698845,
                     'reverse_kl': 0.26415085792541504,
                     'target': None,
                     'vtrace_rho_clipped_fraction': 0.34375},
 'Entropy': {'cart': -0.0,
             'city_tile': 0.05695455148816109,
             'overall': 0.11821805685758591,
             'worker': 0.06126350536942482},
 'Env': {'carts_final': nan,
         'carts_peak': nan,
         'city_tiles_final': nan,
         'city_tiles_peak': nan,
         'max_cumulative_rewards': nan,
         'mean_cumulative_reward_magnitudes': nan,
         'mean_cumulative_rewards': nan,
         'research_points': nan,
         'separate_cities_final': nan,
         'separate_cities_peak': nan,
         'step': nan,
         'workers_final': nan,
         'workers_peak': nan},
 'Gradient': {'clipped': 1.0, 'norm_before_clip': 52.819847106933594},
 'Intent': {'accuracy': nan,
            'target_build': 0,
            'target_deliver': 0,
            'target_mine': 0,
            'target_return': 0},
 'Loss': {'baseline_loss': 0.5638512969017029,
          'behavior_kl_loss': 0.0,
          'entropy_loss': -0.003447470488026738,
          'intent_aux_loss': 0.0,
          'rule_aux_loss': 0.0,
          'teacher_baseline_loss': 0.0,
          'teacher_kl_loss': 0.0,
          'total_loss': 0.5684849619865417,
          'upgo_pg_loss': 0.12629187107086182,
          'vtrace_pg_loss': -0.11821073293685913},
 'Misc': {'actor_policy_tta_rot180': 1.0,
          'league_opponents': {'rule_based': 0.0, 'selfplay': 1.0},
          'learning_rate': 4.998416000000001e-06,
          'teacher_kl_cost': 0.0,
          'teacher_policy_tta_rot180': 0.0,
          'total_games_played': 0},
 'Normalized_Entropy': {'cart': 0.0,
                        'city_tile': 0.08212462067604065,
                        'overall': 0.06095430621064406,
                        'worker': 0.04212097451090813},
 'Teacher_KL_Divergence': {'cart': 0.0,
                           'city_tile': 0.0,
                           'overall': 0.0,
                           'worker': 0.0},
 'Value': {'bias': 3.230525180697441e-09,
           'explained_variance': 0.7365157604217529,
           'support_outside_fraction': 0.0,
           'target_std': 0.1828584372997284}}[0m
[[36m2026-08-16 09:38:47,206[0m][[34mroot[0m][[32mINFO[0m] - Steps 832 @ 89.5 SPS / 1.4 BPS. Stats:
{'Actions': {'cart': {'MOVE': nan, 'NO-OP': nan, 'TRANSFER': nan},
             'city_tile': {'BUILD_CART': nan,
                           'BUILD_WORKER': nan,
                           'NO-OP': nan,
                           'RESEARCH': nan},
             'worker': {'BUILD_CITY': nan,
                        'MOVE': nan,
                        'NO-OP': nan,
                        'PILLAGE': nan,
                        'TRANSFER': nan}},
 'Active_Entities': {'cart': 3, 'city_tile': 106, 'worker': 400},
 'Behavior_Policy': {'actor_version_max': 256,
                     'actor_version_min': 0,
                     'beta': 0.0,
                     'buffer_lag_max': 768,
                     'ema_kl': None,
                     'forward_kl': 0.2328082025051117,
                     'learner_version': 768,
                     'log_rho_max': 1.789095401763916,
                     'log_rho_mean': -0.996489405632019,
                     'log_rho_p95': 0.468794047832489,
                     'reverse_kl': 0.24105247855186462,
                     'target': None,
                     'vtrace_rho_clipped_fraction': 0.2265625},
 'Entropy': {'cart': 1.5476655960083008,
             'city_tile': 0.28339096903800964,
             'overall': 2.0290300101041794,
             'worker': 0.19797344505786896},
 'Env': {'carts_final': nan,
         'carts_peak': nan,
         'city_tiles_final': nan,
         'city_tiles_peak': nan,
         'max_cumulative_rewards': nan,
         'mean_cumulative_reward_magnitudes': nan,
         'mean_cumulative_rewards': nan,
         'research_points': nan,
         'separate_cities_final': nan,
         'separate_cities_peak': nan,
         'step': nan,
         'workers_final': nan,
         'workers_peak': nan},
 'Gradient': {'clipped': 1.0, 'norm_before_clip': 64.9997329711914},
 'Intent': {'accuracy': nan,
            'target_build': 0,
            'target_deliver': 0,
            'target_mine': 0,
            'target_return': 0},
 'Loss': {'baseline_loss': 0.337358295917511,
          'behavior_kl_loss': 0.0,
          'entropy_loss': -0.022774361073970795,
          'intent_aux_loss': 0.0,
          'rule_aux_loss': 0.0,
          'teacher_baseline_loss': 0.0,
          'teacher_kl_loss': 0.0,
          'total_loss': 2.043750762939453,
          'upgo_pg_loss': 1.6881556510925293,
          'vtrace_pg_loss': 0.041011229157447815},
 'Misc': {'actor_policy_tta_rot180': 1.0,
          'league_opponents': {'rule_based': 0.5, 'selfplay': 0.5},
          'learning_rate': 4.9961984e-06,
          'teacher_kl_cost': 0.0,
          'teacher_policy_tta_rot180': 0.0,
          'total_games_played': 0},
 'Normalized_Entropy': {'cart': 0.9616186022758484,
                        'city_tile': 0.24819961190223694,
                        'overall': 0.1605029178743044,
                        'worker': 0.13125492632389069},
 'Teacher_KL_Divergence': {'cart': 0.0,
                           'city_tile': 0.0,
                           'overall': 0.0,
                           'worker': 0.0},
 'Value': {'bias': -9.313225746154785e-10,
           'explained_variance': 0.9849365949630737,
           'support_outside_fraction': 0.0,
           'target_std': 0.6208131909370422}}[0m
[[36m2026-08-16 09:38:52,211[0m][[34mroot[0m][[32mINFO[0m] - Steps 1216 @ 76.7 SPS / 1.2 BPS. Stats:
{'Actions': {'cart': {'MOVE': nan, 'NO-OP': nan, 'TRANSFER': nan},
             'city_tile': {'BUILD_CART': nan,
                           'BUILD_WORKER': nan,
                           'NO-OP': nan,
                           'RESEARCH': nan},
             'worker': {'BUILD_CITY': nan,
                        'MOVE': nan,
                        'NO-OP': nan,
                        'PILLAGE': nan,
                        'TRANSFER': nan}},
 'Active_Entities': {'cart': 0, 'city_tile': 189, 'worker': 823},
 'Behavior_Policy': {'actor_version_max': 768,
                     'actor_version_min': 320,
                     'beta': 0.0,
                     'buffer_lag_max': 832,
                     'ema_kl': None,
                     'forward_kl': 0.19145497679710388,
                     'learner_version': 1152,
                     'log_rho_max': 1.5491453409194946,
                     'log_rho_mean': -1.5866725444793701,
                     'log_rho_p95': 0.9716184139251709,
                     'reverse_kl': 0.1847919374704361,
                     'target': None,
                     'vtrace_rho_clipped_fraction': 0.328125},
 'Entropy': {'cart': -0.0,
             'city_tile': 0.12215982377529144,
             'overall': 0.31951485574245453,
             'worker': 0.19735503196716309},
 'Env': {'carts_final': nan,
         'carts_peak': nan,
         'city_tiles_final': nan,
         'city_tiles_peak': nan,
         'max_cumulative_rewards': nan,
         'mean_cumulative_reward_magnitudes': nan,
         'mean_cumulative_rewards': nan,
         'research_points': nan,
         'separate_cities_final': nan,
         'separate_cities_peak': nan,
         'step': nan,
         'workers_final': nan,
         'workers_peak': nan},
 'Gradient': {'clipped': 1.0, 'norm_before_clip': inf},
 'Intent': {'accuracy': nan,
            'target_build': 0,
            'target_deliver': 0,
            'target_mine': 0,
            'target_return': 0},
 'Loss': {'baseline_loss': 5.899809837341309,
          'behavior_kl_loss': 0.0,
          'entropy_loss': -0.03710228204727173,
          'intent_aux_loss': 0.0,
          'rule_aux_loss': 0.0,
          'teacher_baseline_loss': 0.0,
          'teacher_kl_loss': 0.0,
          'total_loss': 9.219862937927246,
          'upgo_pg_loss': 4.147233486175537,
          'vtrace_pg_loss': -0.7900772094726562},
 'Misc': {'actor_policy_tta_rot180': 1.0,
          'league_opponents': {'rule_based': 0.0, 'selfplay': 1.0},
          'learning_rate': 4.9942976e-06,
          'teacher_kl_cost': 0.0,
          'teacher_policy_tta_rot180': 0.0,
          'total_games_played': 0},
 'Normalized_Entropy': {'cart': 0.0,
                        'city_tile': 0.1425480991601944,
                        'overall': 0.1286648532648096,
                        'worker': 0.12547659873962402},
 'Teacher_KL_Divergence': {'cart': 0.0,
                           'city_tile': 0.0,
                           'overall': 0.0,
                           'worker': 0.0},
 'Value': {'bias': 3.14321368932724e-09,
           'explained_variance': 0.6670610904693604,
           'support_outside_fraction': 0.0,
           'target_std': 0.5314950942993164}}[0m
[[36m2026-08-16 09:38:57,217[0m][[34mroot[0m][[32mINFO[0m] - Steps 1664 @ 89.5 SPS / 1.4 BPS. Stats:
{'Actions': {'cart': {'MOVE': nan, 'NO-OP': nan, 'TRANSFER': nan},
             'city_tile': {'BUILD_CART': nan,
                           'BUILD_WORKER': nan,
                           'NO-OP': nan,
                           'RESEARCH': nan},
             'worker': {'BUILD_CITY': nan,
                        'MOVE': nan,
                        'NO-OP': nan,
                        'PILLAGE': nan,
                        'TRANSFER': nan}},
 'Active_Entities': {'cart': 0, 'city_tile': 200, 'worker': 992},
 'Behavior_Policy': {'actor_version_max': 1280,
                     'actor_version_min': 832,
                     'beta': 0.0,
                     'buffer_lag_max': 768,
                     'ema_kl': None,
                     'forward_kl': 0.1294170320034027,
                     'learner_version': 1600,
                     'log_rho_max': 3.193049907684326,
                     'log_rho_mean': -1.4274166822433472,
                     'log_rho_p95': 0.822303831577301,
                     'reverse_kl': 0.12639576196670532,
                     'target': None,
                     'vtrace_rho_clipped_fraction': 0.2734375},
 'Entropy': {'cart': -0.0,
             'city_tile': 0.16371271014213562,
             'overall': 0.4009014517068863,
             'worker': 0.23718874156475067},
 'Env': {'carts_final': nan,
         'carts_peak': nan,
         'city_tiles_final': nan,
         'city_tiles_peak': nan,
         'max_cumulative_rewards': nan,
         'mean_cumulative_reward_magnitudes': nan,
         'mean_cumulative_rewards': nan,
         'research_points': nan,
         'separate_cities_final': nan,
         'separate_cities_peak': nan,
         'step': nan,
         'workers_final': nan,
         'workers_peak': nan},
 'Gradient': {'clipped': 1.0, 'norm_before_clip': 186.29611206054688},
 'Intent': {'accuracy': nan,
            'target_build': 0,
            'target_deliver': 0,
            'target_mine': 0,
            'target_return': 0},
 'Loss': {'baseline_loss': 0.5669842958450317,
          'behavior_kl_loss': 0.0,
          'entropy_loss': -0.05360674858093262,
          'intent_aux_loss': 0.0,
          'rule_aux_loss': 0.0,
          'teacher_baseline_loss': 0.0,
          'teacher_kl_loss': 0.0,
          'total_loss': 4.092950820922852,
          'upgo_pg_loss': 3.96187424659729,
          'vtrace_pg_loss': -0.3823010325431824},
 'Misc': {'actor_policy_tta_rot180': 1.0,
          'league_opponents': {'rule_based': 0.0, 'selfplay': 1.0},
          'learning_rate': 4.99208e-06,
          'teacher_kl_cost': 0.0,
          'teacher_policy_tta_rot180': 0.0,
          'total_games_played': 0},
 'Normalized_Entropy': {'cart': 0.0,
                        'city_tile': 0.13284948468208313,
                        'overall': 0.15168626736474516,
                        'worker': 0.15548400580883026},
 'Teacher_KL_Divergence': {'cart': 0.0,
                           'city_tile': 0.0,
                           'overall': 0.0,
                           'worker': 0.0},
 'Value': {'bias': -1.979060471057892e-08,
           'explained_variance': 0.9772566556930542,
           'support_outside_fraction': 0.0,
           'target_std': 0.6241203546524048}}[0m
[[36m2026-08-16 09:39:02,222[0m][[34mroot[0m][[32mINFO[0m] - Steps 2048 @ 76.7 SPS / 1.2 BPS. Stats:
{'Actions': {'cart': {'MOVE': nan, 'NO-OP': nan, 'TRANSFER': nan},
             'city_tile': {'BUILD_CART': nan,
                           'BUILD_WORKER': nan,
                           'NO-OP': nan,
                           'RESEARCH': nan},
             'worker': {'BUILD_CITY': nan,
                        'MOVE': nan,
                        'NO-OP': nan,
                        'PILLAGE': nan,
                        'TRANSFER': nan}},
 'Active_Entities': {'cart': 21, 'city_tile': 418, 'worker': 977},
 'Behavior_Policy': {'actor_version_max': 1280,
                     'actor_version_min': 832,
                     'beta': 0.0,
                     'buffer_lag_max': 1152,
                     'ema_kl': None,
                     'forward_kl': 0.1270759552717209,
                     'learner_version': 1984,
                     'log_rho_max': 2.860778331756592,
                     'log_rho_mean': -1.4158719778060913,
                     'log_rho_p95': 0.42842209339141846,
                     'reverse_kl': 0.12497683614492416,
                     'target': None,
                     'vtrace_rho_clipped_fraction': 0.125},
 'Entropy': {'cart': 1.532731056213379,
             'city_tile': 0.46474242210388184,
             'overall': 2.425923526287079,
             'worker': 0.4284500479698181},
 'Env': {'carts_final': nan,
         'carts_peak': nan,
         'city_tiles_final': nan,
         'city_tiles_peak': nan,
         'max_cumulative_rewards': nan,
         'mean_cumulative_reward_magnitudes': nan,
         'mean_cumulative_rewards': nan,
         'research_points': nan,
         'separate_cities_final': nan,
         'separate_cities_peak': nan,
         'step': nan,
         'workers_final': nan,
         'workers_peak': nan},
 'Gradient': {'clipped': 1.0, 'norm_before_clip': 56.29034423828125},
 'Intent': {'accuracy': nan,
            'target_build': 0,
            'target_deliver': 0,
            'target_mine': 0,
            'target_return': 0},
 'Loss': {'baseline_loss': 0.20659761130809784,
          'behavior_kl_loss': 0.0,
          'entropy_loss': -0.12900908291339874,
          'intent_aux_loss': 0.0,
          'rule_aux_loss': 0.0,
          'teacher_baseline_loss': 0.0,
          'teacher_kl_loss': 0.0,
          'total_loss': 0.21679286658763885,
          'upgo_pg_loss': 1.0613219738006592,
          'vtrace_pg_loss': -0.9221176505088806},
 'Misc': {'actor_policy_tta_rot180': 1.0,
          'league_opponents': {'rule_based': 0.5, 'selfplay': 0.5},
          'learning_rate': 4.9901792e-06,
          'teacher_kl_cost': 0.0,
          'teacher_policy_tta_rot180': 0.0,
          'total_games_played': 0},
 'Normalized_Entropy': {'cart': 0.9715607762336731,
                        'city_tile': 0.4263527989387512,
                        'overall': 0.32435505203692255,
                        'worker': 0.2668050229549408},
 'Teacher_KL_Divergence': {'cart': 0.0,
                           'city_tile': 0.0,
                           'overall': 0.0,
                           'worker': 0.0},
 'Value': {'bias': -2.2118911147117615e-08,
           'explained_variance': 0.9917581677436829,
           'support_outside_fraction': 0.0,
           'target_std': 0.6278850436210632}}[0m
[[36m2026-08-16 09:39:07,227[0m][[34mroot[0m][[32mINFO[0m] - Steps 2496 @ 89.5 SPS / 1.4 BPS. Stats:
{'Actions': {'cart': {'MOVE': nan, 'NO-OP': nan, 'TRANSFER': nan},
             'city_tile': {'BUILD_CART': nan,
                           'BUILD_WORKER': nan,
                           'NO-OP': nan,
                           'RESEARCH': nan},
             'worker': {'BUILD_CITY': nan,
                        'MOVE': nan,
                        'NO-OP': nan,
                        'PILLAGE': nan,
                        'TRANSFER': nan}},
 'Active_Entities': {'cart': 13, 'city_tile': 282, 'worker': 1422},
 'Behavior_Policy': {'actor_version_max': 1792,
                     'actor_version_min': 1344,
                     'beta': 0.0,
                     'buffer_lag_max': 1088,
                     'ema_kl': None,
                     'forward_kl': 0.12635208666324615,
                     'learner_version': 2432,
                     'log_rho_max': 2.6798501014709473,
                     'log_rho_mean': -1.8929498195648193,
                     'log_rho_p95': 0.987630307674408,
                     'reverse_kl': 0.12354853004217148,
                     'target': None,
                     'vtrace_rho_clipped_fraction': 0.2109375},
 'Entropy': {'cart': 1.3002941608428955,
             'city_tile': 0.2796521484851837,
             'overall': 1.9684689939022064,
             'worker': 0.3885226845741272},
 'Env': {'carts_final': nan,
         'carts_peak': nan,
         'city_tiles_final': nan,
         'city_tiles_peak': nan,
         'max_cumulative_rewards': nan,
         'mean_cumulative_reward_magnitudes': nan,
         'mean_cumulative_rewards': nan,
         'research_points': nan,
         'separate_cities_final': nan,
         'separate_cities_peak': nan,
         'step': nan,
         'workers_final': nan,
         'workers_peak': nan},
 'Gradient': {'clipped': 1.0, 'norm_before_clip': 203.985595703125},
 'Intent': {'accuracy': nan,
            'target_build': 0,
            'target_deliver': 0,
            'target_mine': 0,
            'target_return': 0},
 'Loss': {'baseline_loss': 0.6588809490203857,
          'behavior_kl_loss': 0.0,
          'entropy_loss': -0.12964898347854614,
          'intent_aux_loss': 0.0,
          'rule_aux_loss': 0.0,
          'teacher_baseline_loss': 0.0,
          'teacher_kl_loss': 0.0,
          'total_loss': 10.513681411743164,
          'upgo_pg_loss': 8.39865493774414,
          'vtrace_pg_loss': 1.5857946872711182},
 'Misc': {'actor_policy_tta_rot180': 1.0,
          'league_opponents': {'rule_based': 0.0, 'selfplay': 1.0},
          'learning_rate': 4.9879616e-06,
          'teacher_kl_cost': 0.0,
          'teacher_policy_tta_rot180': 0.0,
          'total_games_played': 0},
 'Normalized_Entropy': {'cart': 0.9204021096229553,
                        'city_tile': 0.33087411522865295,
                        'overall': 0.26970893144607544,
                        'worker': 0.2516304552555084},
 'Teacher_KL_Divergence': {'cart': 0.0,
                           'city_tile': 0.0,
                           'overall': 0.0,
                           'worker': 0.0},
 'Value': {'bias': 1.1408701539039612e-08,
           'explained_variance': 0.977155327796936,
           'support_outside_fraction': 0.0,
           'target_std': 0.6713071465492249}}[0m
[[36m2026-08-16 09:39:12,233[0m][[34mroot[0m][[32mINFO[0m] - Steps 2944 @ 89.5 SPS / 1.4 BPS. Stats:
{'Actions': {'cart': {'MOVE': nan, 'NO-OP': nan, 'TRANSFER': nan},
             'city_tile': {'BUILD_CART': nan,
                           'BUILD_WORKER': nan,
                           'NO-OP': nan,
                           'RESEARCH': nan},
             'worker': {'BUILD_CITY': nan,
                        'MOVE': nan,
                        'NO-OP': nan,
                        'PILLAGE': nan,
                        'TRANSFER': nan}},
 'Active_Entities': {'cart': 0, 'city_tile': 350, 'worker': 1420},
 'Behavior_Policy': {'actor_version_max': 2304,
                     'actor_version_min': 1856,
                     'beta': 0.0,
                     'buffer_lag_max': 1024,
                     'ema_kl': None,
                     'forward_kl': 0.12318249046802521,
                     'learner_version': 2880,
                     'log_rho_max': 2.9858477115631104,
                     'log_rho_mean': -1.5168113708496094,
                     'log_rho_p95': 0.9355371594429016,
                     'reverse_kl': 0.11580631136894226,
                     'target': None,
                     'vtrace_rho_clipped_fraction': 0.2578125},
 'Entropy': {'cart': -0.0,
             'city_tile': 0.24015827476978302,
             'overall': 0.5425919741392136,
             'worker': 0.30243369936943054},
 'Env': {'carts_final': nan,
         'carts_peak': nan,
         'city_tiles_final': nan,
         'city_tiles_peak': nan,
         'max_cumulative_rewards': nan,
         'mean_cumulative_reward_magnitudes': nan,
         'mean_cumulative_rewards': nan,
         'research_points': nan,
         'separate_cities_final': nan,
         'separate_cities_peak': nan,
         'step': nan,
         'workers_final': nan,
         'workers_peak': nan},
 'Gradient': {'clipped': 1.0, 'norm_before_clip': 290.1636657714844},
 'Intent': {'accuracy': nan,
            'target_build': 0,
            'target_deliver': 0,
            'target_mine': 0,
            'target_return': 0},
 'Loss': {'baseline_loss': 1.4722309112548828,
          'behavior_kl_loss': 0.0,
          'entropy_loss': -0.10270225256681442,
          'intent_aux_loss': 0.0,
          'rule_aux_loss': 0.0,
          'teacher_baseline_loss': 0.0,
          'teacher_kl_loss': 0.0,
          'total_loss': 11.734312057495117,
          'upgo_pg_loss': 7.788852214813232,
          'vtrace_pg_loss': 2.5759310722351074},
 'Misc': {'actor_policy_tta_rot180': 1.0,
          'league_opponents': {'rule_based': 0.0, 'selfplay': 1.0},
          'learning_rate': 4.985744e-06,
          'teacher_kl_cost': 0.0,
          'teacher_policy_tta_rot180': 0.0,
          'total_games_played': 0},
 'Normalized_Entropy': {'cart': 0.0,
                        'city_tile': 0.2993917763233185,
                        'overall': 0.21155313650767008,
                        'worker': 0.18990276753902435},
 'Teacher_KL_Divergence': {'cart': 0.0,
                           'city_tile': 0.0,
                           'overall': 0.0,
                           'worker': 0.0},
 'Value': {'bias': -1.7462298274040222e-08,
           'explained_variance': 0.9429318904876709,
           'support_outside_fraction': 0.0,
           'target_std': 0.6348938941955566}}[0m
